[1mInitial chunk files[22m  [2m | [22m[1mNames[22m        [2m | [22m [1mRaw size[22m[2m | [22m[1mEstimated transfer size[22m
[32mchunk-HAC4USNX.js[39m    [2m | [22m[2m-[22m            [2m | [22m[36m169.48 kB[39m[2m | [22m               [36m50.03 kB[39m
[32mchunk-PH6JR5CN.js[39m    [2m | [22m[2m-[22m            [2m | [22m[36m101.87 kB[39m[2m | [22m               [36m27.15 kB[39m
[32mstyles-PN3GSU3B.css[39m  [2m | [22m[2mstyles[22m       [2m | [22m [36m86.01 kB[39m[2m | [22m                [36m6.32 kB[39m
[32mchunk-MS2HPTNV.js[39m    [2m | [22m[2m-[22m            [2m | [22m [36m79.49 kB[39m[2m | [22m               [36m19.75 kB[39m
[32mpolyfills-5CFQRCPP.js[39m[2m | [22m[2mpolyfills[22m    [2m | [22m [36m34.59 kB[39m[2m | [22m               [36m11.33 kB[39m
[32mchunk-MW34JCUX.js[39m    [2m | [22m[2m-[22m            [2m | [22m [36m14.45 kB[39m[2m | [22m                [36m4.21 kB[39m
[32mmain-YMF7LR3K.js[39m     [2m | [22m[2mmain[22m         [2m | [22m  [36m4.54 kB[39m[2m | [22m                [36m1.61 kB[39m
[32mchunk-KQBLJTND.js[39m    [2m | [22m[2m-[22m            [2m | [22m  [36m4.41 kB[39m[2m | [22m              [36m991 bytes[39m
[32mchunk-HZFHOJQI.js[39m    [2m | [22m[2m-[22m            [2m | [22m[36m760 bytes[39m[2m | [22m              [36m760 bytes[39m

[1m [22m                    [2m | [22m[1mInitial total[22m[2m | [22m[1m495.60 kB[22m[2m | [22m              [1m122.14 kB[22m

[1mLazy chunk files[22m     [2m | [22m[1mNames[22m        [2m | [22m [1mRaw size[22m[2m | [22m[1mEstimated transfer size[22m
[32mchunk-XKMFXGFG.js[39m    [2m | [22m[2mdashboard[22m    [2m | [22m[36m221.32 kB[39m[2m | [22m               [36m65.04 kB[39m
[32mchunk-EKGZ2RJJ.js[39m    [2m | [22m[2mreportes[22m     [2m | [22m[36m122.39 kB[39m[2m | [22m               [36m23.75 kB[39m
[32mchunk-6I75APZ2.js[39m    [2m | [22m[2m-[22m            [2m | [22m [36m82.20 kB[39m[2m | [22m               [36m14.99 kB[39m
[32mchunk-Z6EFBTAZ.js[39m    [2m | [22m[2m-[22m            [2m | [22m [36m79.55 kB[39m[2m | [22m               [36m18.79 kB[39m
[32mchunk-3LA4AY2H.js[39m    [2m | [22m[2m-[22m            [2m | [22m [36m71.07 kB[39m[2m | [22m               [36m19.81 kB[39m
[32mchunk-PII64E6D.js[39m    [2m | [22m[2mbrowser[22m      [2m | [22m [36m67.77 kB[39m[2m | [22m               [36m17.77 kB[39m
[32mchunk-24XUH6P3.js[39m    [2m | [22m[2m-[22m            [2m | [22m [36m67.02 kB[39m[2m | [22m               [36m11.76 kB[39m
[32mchunk-E64GUGT3.js[39m    [2m | [22m[2m-[22m            [2m | [22m [36m62.46 kB[39m[2m | [22m               [36m14.68 kB[39m
[32mchunk-PFVMBSYH.js[39m    [2m | [22m[2m-[22m            [2m | [22m [36m37.74 kB[39m[2m | [22m                [36m7.94 kB[39m
[32mchunk-PRYQTLC6.js[39m    [2m | [22m[2mmain-layout[22m  [2m | [22m [36m37.37 kB[39m[2m | [22m                [36m7.68 kB[39m
[32mchunk-JHNDONFK.js[39m    [2m | [22m[2mlogin[22m        [2m | [22m [36m33.21 kB[39m[2m | [22m               [36m12.21 kB[39m
[32mchunk-OPLB3POY.js[39m    [2m | [22m[2m-[22m            [2m | [22m [36m28.56 kB[39m[2m | [22m                [36m4.65 kB[39m
[32mchunk-ODXUWYWV.js[39m    [2m | [22m[2mempleados[22m    [2m | [22m [36m10.03 kB[39m[2m | [22m                [36m2.98 kB[39m
[32mchunk-7YLZ5GFV.js[39m    [2m | [22m[2m-[22m            [2m | [22m  [36m8.83 kB[39m[2m | [22m                [36m2.04 kB[39m
[32mchunk-BXSAFGAL.js[39m    [2m | [22m[2m-[22m            [2m | [22m[36m331 bytes[39m[2m | [22m              [36m331 bytes[39m

Application bundle generation complete. [16.622 seconds] - 2026-03-23T09:50:00.924Z

node.exe : [1m[33m[33mÔû▓ 
[43;33m[[43;30mWARNING[43;33
m][0m [1msrc/app/features/re
portes/reportes.scss exceeded 
maximum budget. Budget 4.00 
kB was not met by 3.66 kB 
with a total of 7.66 kB.[0m
En C:\Users\jean_\AppData\Roam
ing\npm\ng.ps1: 24 Carácter: 5
+     & "node$exe"  "$basedir/
node_modules/@angular/cli/bin/
ng.js" $arg ...
+     ~~~~~~~~~~~~~~~~~~~~~~~~
~~~~~~~~~~~~~~~~~~~~~~~~~~~~~~
~~~~~~~~~~~
    + CategoryInfo            
  : NotSpecifi    ed: 
([1m[33m[33    mÔ...of 
7.66 kB.[    0m:String) [], 
Rem    oteException
    + FullyQualifiedEr    
rorId : NativeComm    andError
 


[33mÔû▓ [43;33m[[43;30mWARN
ING[43;33m][0m [1msrc/app/f
eatures/dashboard/dashboard.sc
ss exceeded maximum budget. 
Budget 4.00 kB was not met by 
710 bytes with a total of 
4.71 kB.[0m


[33mÔû▓ [43;33m[[43;30mWARN
ING[43;33m][0m [1mModule 
'sweetalert2' used by 'src/app
/features/auth/login/login.ts'
 is not ESM[0m

  CommonJS or AMD 
dependencies can cause 
optimization bailouts.
  For more information see: [
4mhttps://angular.dev/tools/cl
i/build#configuring-commonjs-d
ependencies[0m

[39m[22m
Output location: E:\reporte_asistencia\reporte_asistencia\dist\biometrico-st-enterprise

